cargo test
- status: success
- summary: 159 passed; 0 failed; 4 ignored; 0 measured; 0 filtered out
